---
http_interactions:
- request:
    method: put
    uri: http://admin:admin@localhost:4280/api/role/57
    body:
      encoding: UTF-8
      string: '{"roleName":"New name"}'
    headers:
      User-Agent:
      - Faraday v0.9.0
      Content-Type:
      - application/json
      Accept-Encoding:
      - gzip;q=1.0,deflate;q=0.6,identity;q=0.3
      Accept:
      - '*/*'
  response:
    status:
      code: 500
      message: '[{"name":"LOCKED_ROLE","description":"com.code42.core.CommandException","objects":[]}]'
    headers:
      Pragma:
      - no-cache
      Content-Location:
      - http://localhost:4280/api/v1/role/57
      Content-Type:
      - text/html;charset=ISO-8859-1
      Cache-Control:
      - must-revalidate,no-cache,no-store
      Content-Length:
      - '86'
      Server:
      - Jetty(7.6.3.v20120416)
    body:
      encoding: UTF-8
      string: '[{"name":"LOCKED_ROLE","description":"com.code42.core.CommandException","objects":[]}]'
    http_version: 
  recorded_at: Wed, 09 Jul 2014 15:53:17 GMT
- request:
    method: post
    uri: http://admin:admin@localhost:4280/api/role
    body:
      encoding: UTF-8
      string: '{"roleName":"A role","permissions":[]}'
    headers:
      User-Agent:
      - Faraday v0.9.0
      Content-Type:
      - application/json
      Accept-Encoding:
      - gzip;q=1.0,deflate;q=0.6,identity;q=0.3
      Accept:
      - '*/*'
  response:
    status:
      code: 500
      message: '[{"name":"PERMISSIONS_MISSING","description":"com.code42.core.CommandException","objects":[]}]'
    headers:
      Pragma:
      - no-cache
      Content-Location:
      - http://localhost:4280/api/v1/role
      Content-Type:
      - text/html;charset=ISO-8859-1
      Cache-Control:
      - must-revalidate,no-cache,no-store
      Content-Length:
      - '94'
      Server:
      - Jetty(7.6.3.v20120416)
    body:
      encoding: UTF-8
      string: '[{"name":"PERMISSIONS_MISSING","description":"com.code42.core.CommandException","objects":[]}]'
    http_version: 
  recorded_at: Wed, 09 Jul 2014 15:57:58 GMT
- request:
    method: post
    uri: http://admin:admin@localhost:4280/api/role
    body:
      encoding: UTF-8
      string: '{"roleName":"A role","permissions":["admin.user.read"]}'
    headers:
      User-Agent:
      - Faraday v0.9.0
      Content-Type:
      - application/json
      Accept-Encoding:
      - gzip;q=1.0,deflate;q=0.6,identity;q=0.3
      Accept:
      - '*/*'
  response:
    status:
      code: 200
      message: OK
    headers:
      Cache-Control:
      - no-store
      Pragma:
      - no-cache
      Content-Location:
      - http://localhost:4280/api/v1/role
      Content-Type:
      - application/json;charset=UTF-8
      Transfer-Encoding:
      - chunked
      Server:
      - Jetty(7.6.3.v20120416)
    body:
      encoding: UTF-8
      string: '{"metadata":{"timestamp":"2014-07-09T10:58:07.879-05:00","params":{}},"data":{"roleId":63,"roleName":"A
        role","locked":false,"numberOfUsers":0,"creationDate":"2014-07-09T10:58:07.872-05:00","modificationDate":"2014-07-09T10:58:07.872-05:00","permissions":[{"permission":"admin.user.read","description":"Permission
        to view user information"}]}}'
    http_version: 
  recorded_at: Wed, 09 Jul 2014 15:58:07 GMT
- request:
    method: put
    uri: http://admin:admin@localhost:4280/api/role/63
    body:
      encoding: UTF-8
      string: '{"roleName":"New name"}'
    headers:
      User-Agent:
      - Faraday v0.9.0
      Content-Type:
      - application/json
      Accept-Encoding:
      - gzip;q=1.0,deflate;q=0.6,identity;q=0.3
      Accept:
      - '*/*'
  response:
    status:
      code: 200
      message: OK
    headers:
      Cache-Control:
      - no-store
      Pragma:
      - no-cache
      Content-Location:
      - http://localhost:4280/api/v1/role/63
      Content-Type:
      - application/json;charset=UTF-8
      Transfer-Encoding:
      - chunked
      Server:
      - Jetty(7.6.3.v20120416)
    body:
      encoding: UTF-8
      string: '{"metadata":{"timestamp":"2014-07-09T10:58:40.201-05:00","params":{}},"data":{"roleId":63,"roleName":"New
        name","locked":false,"numberOfUsers":0,"creationDate":"2014-07-09T10:58:07.872-05:00","modificationDate":"2014-07-09T10:58:40.193-05:00","permissions":[{"permission":"admin.user.read","description":"Permission
        to view user information"}]}}'
    http_version: 
  recorded_at: Wed, 09 Jul 2014 15:58:40 GMT
recorded_with: VCR 2.5.0
